==================================================
Timestamp: 2026-07-28 14:10:09
Recipient: Zoe Owner (owner@zoepharmacy.com)
Subject: Zoe Pharmacy POS - Password Reset Code
Token: 143764
Message:
Hello Zoe Owner,

We received a request to reset your password. Use the code below to reset it:

RESET CODE: 143764

This code will expire in 15 minutes.

If you did not request this, please ignore this email.

==================================================

==================================================
Timestamp: 2026-07-28 14:11:32
Recipient: Zoe Owner (owner@zoepharmacy.com)
Subject: Zoe Pharmacy POS - Password Reset Code
Token: 456146
Message:
Hello Zoe Owner,

We received a request to reset your password. Use the code below to reset it:

RESET CODE: 456146

This code will expire in 15 minutes.

If you did not request this, please ignore this email.

==================================================

==================================================
Timestamp: 2026-07-28 14:25:20
Recipient: Vince (gipayavincee@gmail.com)
Subject: Zoe Pharmacy POS - Password Reset Code
Token: 577391
Message:
Hello Vince,

We received a request to reset your password. Use the code below to reset it:

RESET CODE: 577391

This code will expire in 15 minutes.

If you did not request this, please ignore this email.

==================================================

==================================================
Timestamp: 2026-07-30 05:10:54
Recipient: Vince (gipayavincee@gmail.com)
Subject: Zoe Pharmacy POS - Password Reset Code
Token: 843799
Message:
Hello Vince,

We received a request to reset your password. Use the code below to reset it:

RESET CODE: 843799

This code will expire in 15 minutes.

If you did not request this, please ignore this email.

==================================================

